The system is: Linux - 6.8.0-40-generic - x86_64
Compiling the CXX compiler identification source file "CMakeCXXCompilerId.cpp" succeeded.
Compiler: /usr/local/bin/g++ 
Build flags: 
Id flags:  

The output was:
0


Compilation of the CXX compiler identification source "CMakeCXXCompilerId.cpp" produced "a.out"

The CXX compiler identification is GNU, found in "/home/ubzjx/Proj/Intern_QCen/work/rsim-driver/build/CMakeFiles/3.22.1/CompilerIdCXX/a.out"

Detecting CXX compiler ABI info compiled with the following output:
Change Dir: /home/ubzjx/Proj/Intern_QCen/work/rsim-driver/build/CMakeFiles/CMakeTmp

Run Build Command(s):/usr/bin/ninja cmTC_62fc7 && [1/2] Building CXX object CMakeFiles/cmTC_62fc7.dir/CMakeCXXCompilerABI.cpp.o
Using built-in specs.
COLLECT_GCC=/usr/local/bin/g++
Target: x86_64-pc-linux-gnu
Configured with: ../configure --prefix=/usr/local --with-pkgversion='glibc gcc v14.3.0' --enable-checking=release --enable-languages=c,c++ --disable-multilib --enable-bootstrap --enable-threads=posix --with-system-zlib--with-gmp=--with-mpfr=--with-mpc=
Thread model: posix
Supported LTO compression algorithms: zlib zstd
gcc version 14.3.0 (glibc gcc v14.3.0) 
COLLECT_GCC_OPTIONS='-v' '-o' 'CMakeFiles/cmTC_62fc7.dir/CMakeCXXCompilerABI.cpp.o' '-c' '-shared-libgcc' '-mtune=generic' '-march=x86-64' '-dumpdir' 'CMakeFiles/cmTC_62fc7.dir/'
 /usr/local/libexec/gcc/x86_64-pc-linux-gnu/14.3.0/cc1plus -quiet -v -imultiarch x86_64-linux-gnu -D_GNU_SOURCE /usr/share/cmake-3.22/Modules/CMakeCXXCompilerABI.cpp -quiet -dumpdir CMakeFiles/cmTC_62fc7.dir/ -dumpbase CMakeCXXCompilerABI.cpp.cpp -dumpbase-ext .cpp -mtune=generic -march=x86-64 -version -o /tmp/ccl9bPGB.s
GNU C++17 (glibc gcc v14.3.0) version 14.3.0 (x86_64-pc-linux-gnu)
	compiled by GNU C version 14.3.0, GMP version 6.2.1, MPFR version 4.1.0, MPC version 1.2.1, isl version isl-0.24-GMP

GGC heuristics: --param ggc-min-expand=100 --param ggc-min-heapsize=131072
ignoring nonexistent directory "/usr/local/include/x86_64-linux-gnu"
ignoring nonexistent directory "/usr/local/lib/gcc/x86_64-pc-linux-gnu/14.3.0/../../../../x86_64-pc-linux-gnu/include"
ignoring nonexistent directory "/include"
ignoring nonexistent directory "/include"
#include "..." search starts here:
#include <...> search starts here:
 .
 /usr/local/lib/gcc/x86_64-pc-linux-gnu/14.3.0/../../../../include/c++/14.3.0
 /usr/local/lib/gcc/x86_64-pc-linux-gnu/14.3.0/../../../../include/c++/14.3.0/x86_64-pc-linux-gnu
 /usr/local/lib/gcc/x86_64-pc-linux-gnu/14.3.0/../../../../include/c++/14.3.0/backward
 /usr/local/lib/gcc/x86_64-pc-linux-gnu/14.3.0/include
 /usr/local/include
 /usr/local/lib/gcc/x86_64-pc-linux-gnu/14.3.0/include-fixed/x86_64-linux-gnu
 /usr/local/lib/gcc/x86_64-pc-linux-gnu/14.3.0/include-fixed
 /usr/include/x86_64-linux-gnu
 /usr/include
End of search list.
Compiler executable checksum: cf5deca9c2fab28ac1cf8b461c8191f9
COLLECT_GCC_OPTIONS='-v' '-o' 'CMakeFiles/cmTC_62fc7.dir/CMakeCXXCompilerABI.cpp.o' '-c' '-shared-libgcc' '-mtune=generic' '-march=x86-64' '-dumpdir' 'CMakeFiles/cmTC_62fc7.dir/'
 as -v --64 -o CMakeFiles/cmTC_62fc7.dir/CMakeCXXCompilerABI.cpp.o /tmp/ccl9bPGB.s
GNU assembler version 2.38 (x86_64-linux-gnu) using BFD version (GNU Binutils for Ubuntu) 2.38
COMPILER_PATH=/usr/local/libexec/gcc/x86_64-pc-linux-gnu/14.3.0/:/usr/local/libexec/gcc/x86_64-pc-linux-gnu/14.3.0/:/usr/local/libexec/gcc/x86_64-pc-linux-gnu/:/usr/local/lib/gcc/x86_64-pc-linux-gnu/14.3.0/:/usr/local/lib/gcc/x86_64-pc-linux-gnu/
LIBRARY_PATH=/usr/local/lib/gcc/x86_64-pc-linux-gnu/14.3.0/:/usr/local/lib/gcc/x86_64-pc-linux-gnu/14.3.0/../../../../lib64/:/lib/x86_64-linux-gnu/:/lib/../lib64/:/usr/lib/x86_64-linux-gnu/:/usr/lib/../lib64/:/usr/local/lib/gcc/x86_64-pc-linux-gnu/14.3.0/../../../:/lib/:/usr/lib/
COLLECT_GCC_OPTIONS='-v' '-o' 'CMakeFiles/cmTC_62fc7.dir/CMakeCXXCompilerABI.cpp.o' '-c' '-shared-libgcc' '-mtune=generic' '-march=x86-64' '-dumpdir' 'CMakeFiles/cmTC_62fc7.dir/CMakeCXXCompilerABI.cpp.'
[2/2] Linking CXX executable cmTC_62fc7
Using built-in specs.
COLLECT_GCC=/usr/local/bin/g++
COLLECT_LTO_WRAPPER=/usr/local/libexec/gcc/x86_64-pc-linux-gnu/14.3.0/lto-wrapper
Target: x86_64-pc-linux-gnu
Configured with: ../configure --prefix=/usr/local --with-pkgversion='glibc gcc v14.3.0' --enable-checking=release --enable-languages=c,c++ --disable-multilib --enable-bootstrap --enable-threads=posix --with-system-zlib--with-gmp=--with-mpfr=--with-mpc=
Thread model: posix
Supported LTO compression algorithms: zlib zstd
gcc version 14.3.0 (glibc gcc v14.3.0) 
COMPILER_PATH=/usr/local/libexec/gcc/x86_64-pc-linux-gnu/14.3.0/:/usr/local/libexec/gcc/x86_64-pc-linux-gnu/14.3.0/:/usr/local/libexec/gcc/x86_64-pc-linux-gnu/:/usr/local/lib/gcc/x86_64-pc-linux-gnu/14.3.0/:/usr/local/lib/gcc/x86_64-pc-linux-gnu/
LIBRARY_PATH=/usr/local/lib/gcc/x86_64-pc-linux-gnu/14.3.0/:/usr/local/lib/gcc/x86_64-pc-linux-gnu/14.3.0/../../../../lib64/:/lib/x86_64-linux-gnu/:/lib/../lib64/:/usr/lib/x86_64-linux-gnu/:/usr/lib/../lib64/:/usr/local/lib/gcc/x86_64-pc-linux-gnu/14.3.0/../../../:/lib/:/usr/lib/
COLLECT_GCC_OPTIONS='-v' '-o' 'cmTC_62fc7' '-shared-libgcc' '-mtune=generic' '-march=x86-64' '-dumpdir' 'cmTC_62fc7.'
 /usr/local/libexec/gcc/x86_64-pc-linux-gnu/14.3.0/collect2 -plugin /usr/local/libexec/gcc/x86_64-pc-linux-gnu/14.3.0/liblto_plugin.so -plugin-opt=/usr/local/libexec/gcc/x86_64-pc-linux-gnu/14.3.0/lto-wrapper -plugin-opt=-fresolution=/tmp/ccQxK7rr.res -plugin-opt=-pass-through=-lgcc_s -plugin-opt=-pass-through=-lgcc -plugin-opt=-pass-through=-lc -plugin-opt=-pass-through=-lgcc_s -plugin-opt=-pass-through=-lgcc --eh-frame-hdr -m elf_x86_64 -dynamic-linker /lib64/ld-linux-x86-64.so.2 -o cmTC_62fc7 /lib/x86_64-linux-gnu/crt1.o /lib/x86_64-linux-gnu/crti.o /usr/local/lib/gcc/x86_64-pc-linux-gnu/14.3.0/crtbegin.o -L/usr/local/lib/gcc/x86_64-pc-linux-gnu/14.3.0 -L/usr/local/lib/gcc/x86_64-pc-linux-gnu/14.3.0/../../../../lib64 -L/lib/x86_64-linux-gnu -L/lib/../lib64 -L/usr/lib/x86_64-linux-gnu -L/usr/lib/../lib64 -L/usr/local/lib/gcc/x86_64-pc-linux-gnu/14.3.0/../../.. CMakeFiles/cmTC_62fc7.dir/CMakeCXXCompilerABI.cpp.o -lstdc++ -lm -lgcc_s -lgcc -lc -lgcc_s -lgcc /usr/local/lib/gcc/x86_64-pc-linux-gnu/14.3.0/crtend.o /lib/x86_64-linux-gnu/crtn.o
COLLECT_GCC_OPTIONS='-v' '-o' 'cmTC_62fc7' '-shared-libgcc' '-mtune=generic' '-march=x86-64' '-dumpdir' 'cmTC_62fc7.'



Parsed CXX implicit include dir info from above output: rv=done
  found start of include info
  found start of implicit include info
    add: [.]
    add: [/usr/local/lib/gcc/x86_64-pc-linux-gnu/14.3.0/../../../../include/c++/14.3.0]
    add: [/usr/local/lib/gcc/x86_64-pc-linux-gnu/14.3.0/../../../../include/c++/14.3.0/x86_64-pc-linux-gnu]
    add: [/usr/local/lib/gcc/x86_64-pc-linux-gnu/14.3.0/../../../../include/c++/14.3.0/backward]
    add: [/usr/local/lib/gcc/x86_64-pc-linux-gnu/14.3.0/include]
    add: [/usr/local/include]
    add: [/usr/local/lib/gcc/x86_64-pc-linux-gnu/14.3.0/include-fixed/x86_64-linux-gnu]
    add: [/usr/local/lib/gcc/x86_64-pc-linux-gnu/14.3.0/include-fixed]
    add: [/usr/include/x86_64-linux-gnu]
    add: [/usr/include]
  end of search list found
  skipping relative include dir [.]
  collapse include dir [/usr/local/lib/gcc/x86_64-pc-linux-gnu/14.3.0/../../../../include/c++/14.3.0] ==> [/usr/local/include/c++/14.3.0]
  collapse include dir [/usr/local/lib/gcc/x86_64-pc-linux-gnu/14.3.0/../../../../include/c++/14.3.0/x86_64-pc-linux-gnu] ==> [/usr/local/include/c++/14.3.0/x86_64-pc-linux-gnu]
  collapse include dir [/usr/local/lib/gcc/x86_64-pc-linux-gnu/14.3.0/../../../../include/c++/14.3.0/backward] ==> [/usr/local/include/c++/14.3.0/backward]
  collapse include dir [/usr/local/lib/gcc/x86_64-pc-linux-gnu/14.3.0/include] ==> [/usr/local/lib/gcc/x86_64-pc-linux-gnu/14.3.0/include]
  collapse include dir [/usr/local/include] ==> [/usr/local/include]
  collapse include dir [/usr/local/lib/gcc/x86_64-pc-linux-gnu/14.3.0/include-fixed/x86_64-linux-gnu] ==> [/usr/local/lib/gcc/x86_64-pc-linux-gnu/14.3.0/include-fixed/x86_64-linux-gnu]
  collapse include dir [/usr/local/lib/gcc/x86_64-pc-linux-gnu/14.3.0/include-fixed] ==> [/usr/local/lib/gcc/x86_64-pc-linux-gnu/14.3.0/include-fixed]
  collapse include dir [/usr/include/x86_64-linux-gnu] ==> [/usr/include/x86_64-linux-gnu]
  collapse include dir [/usr/include] ==> [/usr/include]
  implicit include dirs: [/usr/local/include/c++/14.3.0;/usr/local/include/c++/14.3.0/x86_64-pc-linux-gnu;/usr/local/include/c++/14.3.0/backward;/usr/local/lib/gcc/x86_64-pc-linux-gnu/14.3.0/include;/usr/local/include;/usr/local/lib/gcc/x86_64-pc-linux-gnu/14.3.0/include-fixed/x86_64-linux-gnu;/usr/local/lib/gcc/x86_64-pc-linux-gnu/14.3.0/include-fixed;/usr/include/x86_64-linux-gnu;/usr/include]


Parsed CXX implicit link information from above output:
  link line regex: [^( *|.*[/\])(ld|CMAKE_LINK_STARTFILE-NOTFOUND|([^/\]+-)?ld|collect2)[^/\]*( |$)]
  ignore line: [Change Dir: /home/ubzjx/Proj/Intern_QCen/work/rsim-driver/build/CMakeFiles/CMakeTmp]
  ignore line: []
  ignore line: [Run Build Command(s):/usr/bin/ninja cmTC_62fc7 && [1/2] Building CXX object CMakeFiles/cmTC_62fc7.dir/CMakeCXXCompilerABI.cpp.o]
  ignore line: [Using built-in specs.]
  ignore line: [COLLECT_GCC=/usr/local/bin/g++]
  ignore line: [Target: x86_64-pc-linux-gnu]
  ignore line: [Configured with: ../configure --prefix=/usr/local --with-pkgversion='glibc gcc v14.3.0' --enable-checking=release --enable-languages=c c++ --disable-multilib --enable-bootstrap --enable-threads=posix --with-system-zlib--with-gmp=--with-mpfr=--with-mpc=]
  ignore line: [Thread model: posix]
  ignore line: [Supported LTO compression algorithms: zlib zstd]
  ignore line: [gcc version 14.3.0 (glibc gcc v14.3.0) ]
  ignore line: [COLLECT_GCC_OPTIONS='-v' '-o' 'CMakeFiles/cmTC_62fc7.dir/CMakeCXXCompilerABI.cpp.o' '-c' '-shared-libgcc' '-mtune=generic' '-march=x86-64' '-dumpdir' 'CMakeFiles/cmTC_62fc7.dir/']
  ignore line: [ /usr/local/libexec/gcc/x86_64-pc-linux-gnu/14.3.0/cc1plus -quiet -v -imultiarch x86_64-linux-gnu -D_GNU_SOURCE /usr/share/cmake-3.22/Modules/CMakeCXXCompilerABI.cpp -quiet -dumpdir CMakeFiles/cmTC_62fc7.dir/ -dumpbase CMakeCXXCompilerABI.cpp.cpp -dumpbase-ext .cpp -mtune=generic -march=x86-64 -version -o /tmp/ccl9bPGB.s]
  ignore line: [GNU C++17 (glibc gcc v14.3.0) version 14.3.0 (x86_64-pc-linux-gnu)]
  ignore line: [	compiled by GNU C version 14.3.0  GMP version 6.2.1  MPFR version 4.1.0  MPC version 1.2.1  isl version isl-0.24-GMP]
  ignore line: []
  ignore line: [GGC heuristics: --param ggc-min-expand=100 --param ggc-min-heapsize=131072]
  ignore line: [ignoring nonexistent directory "/usr/local/include/x86_64-linux-gnu"]
  ignore line: [ignoring nonexistent directory "/usr/local/lib/gcc/x86_64-pc-linux-gnu/14.3.0/../../../../x86_64-pc-linux-gnu/include"]
  ignore line: [ignoring nonexistent directory "/include"]
  ignore line: [ignoring nonexistent directory "/include"]
  ignore line: [#include "..." search starts here:]
  ignore line: [#include <...> search starts here:]
  ignore line: [ .]
  ignore line: [ /usr/local/lib/gcc/x86_64-pc-linux-gnu/14.3.0/../../../../include/c++/14.3.0]
  ignore line: [ /usr/local/lib/gcc/x86_64-pc-linux-gnu/14.3.0/../../../../include/c++/14.3.0/x86_64-pc-linux-gnu]
  ignore line: [ /usr/local/lib/gcc/x86_64-pc-linux-gnu/14.3.0/../../../../include/c++/14.3.0/backward]
  ignore line: [ /usr/local/lib/gcc/x86_64-pc-linux-gnu/14.3.0/include]
  ignore line: [ /usr/local/include]
  ignore line: [ /usr/local/lib/gcc/x86_64-pc-linux-gnu/14.3.0/include-fixed/x86_64-linux-gnu]
  ignore line: [ /usr/local/lib/gcc/x86_64-pc-linux-gnu/14.3.0/include-fixed]
  ignore line: [ /usr/include/x86_64-linux-gnu]
  ignore line: [ /usr/include]
  ignore line: [End of search list.]
  ignore line: [Compiler executable checksum: cf5deca9c2fab28ac1cf8b461c8191f9]
  ignore line: [COLLECT_GCC_OPTIONS='-v' '-o' 'CMakeFiles/cmTC_62fc7.dir/CMakeCXXCompilerABI.cpp.o' '-c' '-shared-libgcc' '-mtune=generic' '-march=x86-64' '-dumpdir' 'CMakeFiles/cmTC_62fc7.dir/']
  ignore line: [ as -v --64 -o CMakeFiles/cmTC_62fc7.dir/CMakeCXXCompilerABI.cpp.o /tmp/ccl9bPGB.s]
  ignore line: [GNU assembler version 2.38 (x86_64-linux-gnu) using BFD version (GNU Binutils for Ubuntu) 2.38]
  ignore line: [COMPILER_PATH=/usr/local/libexec/gcc/x86_64-pc-linux-gnu/14.3.0/:/usr/local/libexec/gcc/x86_64-pc-linux-gnu/14.3.0/:/usr/local/libexec/gcc/x86_64-pc-linux-gnu/:/usr/local/lib/gcc/x86_64-pc-linux-gnu/14.3.0/:/usr/local/lib/gcc/x86_64-pc-linux-gnu/]
  ignore line: [LIBRARY_PATH=/usr/local/lib/gcc/x86_64-pc-linux-gnu/14.3.0/:/usr/local/lib/gcc/x86_64-pc-linux-gnu/14.3.0/../../../../lib64/:/lib/x86_64-linux-gnu/:/lib/../lib64/:/usr/lib/x86_64-linux-gnu/:/usr/lib/../lib64/:/usr/local/lib/gcc/x86_64-pc-linux-gnu/14.3.0/../../../:/lib/:/usr/lib/]
  ignore line: [COLLECT_GCC_OPTIONS='-v' '-o' 'CMakeFiles/cmTC_62fc7.dir/CMakeCXXCompilerABI.cpp.o' '-c' '-shared-libgcc' '-mtune=generic' '-march=x86-64' '-dumpdir' 'CMakeFiles/cmTC_62fc7.dir/CMakeCXXCompilerABI.cpp.']
  ignore line: [[2/2] Linking CXX executable cmTC_62fc7]
  ignore line: [Using built-in specs.]
  ignore line: [COLLECT_GCC=/usr/local/bin/g++]
  ignore line: [COLLECT_LTO_WRAPPER=/usr/local/libexec/gcc/x86_64-pc-linux-gnu/14.3.0/lto-wrapper]
  ignore line: [Target: x86_64-pc-linux-gnu]
  ignore line: [Configured with: ../configure --prefix=/usr/local --with-pkgversion='glibc gcc v14.3.0' --enable-checking=release --enable-languages=c c++ --disable-multilib --enable-bootstrap --enable-threads=posix --with-system-zlib--with-gmp=--with-mpfr=--with-mpc=]
  ignore line: [Thread model: posix]
  ignore line: [Supported LTO compression algorithms: zlib zstd]
  ignore line: [gcc version 14.3.0 (glibc gcc v14.3.0) ]
  ignore line: [COMPILER_PATH=/usr/local/libexec/gcc/x86_64-pc-linux-gnu/14.3.0/:/usr/local/libexec/gcc/x86_64-pc-linux-gnu/14.3.0/:/usr/local/libexec/gcc/x86_64-pc-linux-gnu/:/usr/local/lib/gcc/x86_64-pc-linux-gnu/14.3.0/:/usr/local/lib/gcc/x86_64-pc-linux-gnu/]
  ignore line: [LIBRARY_PATH=/usr/local/lib/gcc/x86_64-pc-linux-gnu/14.3.0/:/usr/local/lib/gcc/x86_64-pc-linux-gnu/14.3.0/../../../../lib64/:/lib/x86_64-linux-gnu/:/lib/../lib64/:/usr/lib/x86_64-linux-gnu/:/usr/lib/../lib64/:/usr/local/lib/gcc/x86_64-pc-linux-gnu/14.3.0/../../../:/lib/:/usr/lib/]
  ignore line: [COLLECT_GCC_OPTIONS='-v' '-o' 'cmTC_62fc7' '-shared-libgcc' '-mtune=generic' '-march=x86-64' '-dumpdir' 'cmTC_62fc7.']
  link line: [ /usr/local/libexec/gcc/x86_64-pc-linux-gnu/14.3.0/collect2 -plugin /usr/local/libexec/gcc/x86_64-pc-linux-gnu/14.3.0/liblto_plugin.so -plugin-opt=/usr/local/libexec/gcc/x86_64-pc-linux-gnu/14.3.0/lto-wrapper -plugin-opt=-fresolution=/tmp/ccQxK7rr.res -plugin-opt=-pass-through=-lgcc_s -plugin-opt=-pass-through=-lgcc -plugin-opt=-pass-through=-lc -plugin-opt=-pass-through=-lgcc_s -plugin-opt=-pass-through=-lgcc --eh-frame-hdr -m elf_x86_64 -dynamic-linker /lib64/ld-linux-x86-64.so.2 -o cmTC_62fc7 /lib/x86_64-linux-gnu/crt1.o /lib/x86_64-linux-gnu/crti.o /usr/local/lib/gcc/x86_64-pc-linux-gnu/14.3.0/crtbegin.o -L/usr/local/lib/gcc/x86_64-pc-linux-gnu/14.3.0 -L/usr/local/lib/gcc/x86_64-pc-linux-gnu/14.3.0/../../../../lib64 -L/lib/x86_64-linux-gnu -L/lib/../lib64 -L/usr/lib/x86_64-linux-gnu -L/usr/lib/../lib64 -L/usr/local/lib/gcc/x86_64-pc-linux-gnu/14.3.0/../../.. CMakeFiles/cmTC_62fc7.dir/CMakeCXXCompilerABI.cpp.o -lstdc++ -lm -lgcc_s -lgcc -lc -lgcc_s -lgcc /usr/local/lib/gcc/x86_64-pc-linux-gnu/14.3.0/crtend.o /lib/x86_64-linux-gnu/crtn.o]
    arg [/usr/local/libexec/gcc/x86_64-pc-linux-gnu/14.3.0/collect2] ==> ignore
    arg [-plugin] ==> ignore
    arg [/usr/local/libexec/gcc/x86_64-pc-linux-gnu/14.3.0/liblto_plugin.so] ==> ignore
    arg [-plugin-opt=/usr/local/libexec/gcc/x86_64-pc-linux-gnu/14.3.0/lto-wrapper] ==> ignore
    arg [-plugin-opt=-fresolution=/tmp/ccQxK7rr.res] ==> ignore
    arg [-plugin-opt=-pass-through=-lgcc_s] ==> ignore
    arg [-plugin-opt=-pass-through=-lgcc] ==> ignore
    arg [-plugin-opt=-pass-through=-lc] ==> ignore
    arg [-plugin-opt=-pass-through=-lgcc_s] ==> ignore
    arg [-plugin-opt=-pass-through=-lgcc] ==> ignore
    arg [--eh-frame-hdr] ==> ignore
    arg [-m] ==> ignore
    arg [elf_x86_64] ==> ignore
    arg [-dynamic-linker] ==> ignore
    arg [/lib64/ld-linux-x86-64.so.2] ==> ignore
    arg [-o] ==> ignore
    arg [cmTC_62fc7] ==> ignore
    arg [/lib/x86_64-linux-gnu/crt1.o] ==> obj [/lib/x86_64-linux-gnu/crt1.o]
    arg [/lib/x86_64-linux-gnu/crti.o] ==> obj [/lib/x86_64-linux-gnu/crti.o]
    arg [/usr/local/lib/gcc/x86_64-pc-linux-gnu/14.3.0/crtbegin.o] ==> obj [/usr/local/lib/gcc/x86_64-pc-linux-gnu/14.3.0/crtbegin.o]
    arg [-L/usr/local/lib/gcc/x86_64-pc-linux-gnu/14.3.0] ==> dir [/usr/local/lib/gcc/x86_64-pc-linux-gnu/14.3.0]
    arg [-L/usr/local/lib/gcc/x86_64-pc-linux-gnu/14.3.0/../../../../lib64] ==> dir [/usr/local/lib/gcc/x86_64-pc-linux-gnu/14.3.0/../../../../lib64]
    arg [-L/lib/x86_64-linux-gnu] ==> dir [/lib/x86_64-linux-gnu]
    arg [-L/lib/../lib64] ==> dir [/lib/../lib64]
    arg [-L/usr/lib/x86_64-linux-gnu] ==> dir [/usr/lib/x86_64-linux-gnu]
    arg [-L/usr/lib/../lib64] ==> dir [/usr/lib/../lib64]
    arg [-L/usr/local/lib/gcc/x86_64-pc-linux-gnu/14.3.0/../../..] ==> dir [/usr/local/lib/gcc/x86_64-pc-linux-gnu/14.3.0/../../..]
    arg [CMakeFiles/cmTC_62fc7.dir/CMakeCXXCompilerABI.cpp.o] ==> ignore
    arg [-lstdc++] ==> lib [stdc++]
    arg [-lm] ==> lib [m]
    arg [-lgcc_s] ==> lib [gcc_s]
    arg [-lgcc] ==> lib [gcc]
    arg [-lc] ==> lib [c]
    arg [-lgcc_s] ==> lib [gcc_s]
    arg [-lgcc] ==> lib [gcc]
    arg [/usr/local/lib/gcc/x86_64-pc-linux-gnu/14.3.0/crtend.o] ==> obj [/usr/local/lib/gcc/x86_64-pc-linux-gnu/14.3.0/crtend.o]
    arg [/lib/x86_64-linux-gnu/crtn.o] ==> obj [/lib/x86_64-linux-gnu/crtn.o]
  collapse library dir [/usr/local/lib/gcc/x86_64-pc-linux-gnu/14.3.0] ==> [/usr/local/lib/gcc/x86_64-pc-linux-gnu/14.3.0]
  collapse library dir [/usr/local/lib/gcc/x86_64-pc-linux-gnu/14.3.0/../../../../lib64] ==> [/usr/local/lib64]
  collapse library dir [/lib/x86_64-linux-gnu] ==> [/lib/x86_64-linux-gnu]
  collapse library dir [/lib/../lib64] ==> [/lib64]
  collapse library dir [/usr/lib/x86_64-linux-gnu] ==> [/usr/lib/x86_64-linux-gnu]
  collapse library dir [/usr/lib/../lib64] ==> [/usr/lib64]
  collapse library dir [/usr/local/lib/gcc/x86_64-pc-linux-gnu/14.3.0/../../..] ==> [/usr/local/lib]
  implicit libs: [stdc++;m;gcc_s;gcc;c;gcc_s;gcc]
  implicit objs: [/lib/x86_64-linux-gnu/crt1.o;/lib/x86_64-linux-gnu/crti.o;/usr/local/lib/gcc/x86_64-pc-linux-gnu/14.3.0/crtbegin.o;/usr/local/lib/gcc/x86_64-pc-linux-gnu/14.3.0/crtend.o;/lib/x86_64-linux-gnu/crtn.o]
  implicit dirs: [/usr/local/lib/gcc/x86_64-pc-linux-gnu/14.3.0;/usr/local/lib64;/lib/x86_64-linux-gnu;/lib64;/usr/lib/x86_64-linux-gnu;/usr/lib64;/usr/local/lib]
  implicit fwks: []


Compiling the C compiler identification source file "CMakeCCompilerId.c" succeeded.
Compiler: /usr/local/bin/gcc 
Build flags: 
Id flags:  

The output was:
0


Compilation of the C compiler identification source "CMakeCCompilerId.c" produced "a.out"

The C compiler identification is GNU, found in "/home/ubzjx/Proj/Intern_QCen/work/rsim-driver/build/CMakeFiles/3.22.1/CompilerIdC/a.out"

Detecting C compiler ABI info compiled with the following output:
Change Dir: /home/ubzjx/Proj/Intern_QCen/work/rsim-driver/build/CMakeFiles/CMakeTmp

Run Build Command(s):/usr/bin/ninja cmTC_52f2b && [1/2] Building C object CMakeFiles/cmTC_52f2b.dir/CMakeCCompilerABI.c.o
Using built-in specs.
COLLECT_GCC=/usr/local/bin/gcc
Target: x86_64-pc-linux-gnu
Configured with: ../configure --prefix=/usr/local --with-pkgversion='glibc gcc v14.3.0' --enable-checking=release --enable-languages=c,c++ --disable-multilib --enable-bootstrap --enable-threads=posix --with-system-zlib--with-gmp=--with-mpfr=--with-mpc=
Thread model: posix
Supported LTO compression algorithms: zlib zstd
gcc version 14.3.0 (glibc gcc v14.3.0) 
COLLECT_GCC_OPTIONS='-fPIE' '-v' '-o' 'CMakeFiles/cmTC_52f2b.dir/CMakeCCompilerABI.c.o' '-c' '-mtune=generic' '-march=x86-64' '-dumpdir' 'CMakeFiles/cmTC_52f2b.dir/'
 /usr/local/libexec/gcc/x86_64-pc-linux-gnu/14.3.0/cc1 -quiet -v -imultiarch x86_64-linux-gnu /usr/share/cmake-3.22/Modules/CMakeCCompilerABI.c -quiet -dumpdir CMakeFiles/cmTC_52f2b.dir/ -dumpbase CMakeCCompilerABI.c.c -dumpbase-ext .c -mtune=generic -march=x86-64 -version -fPIE -o /tmp/cckRIMG8.s
GNU C17 (glibc gcc v14.3.0) version 14.3.0 (x86_64-pc-linux-gnu)
	compiled by GNU C version 14.3.0, GMP version 6.2.1, MPFR version 4.1.0, MPC version 1.2.1, isl version isl-0.24-GMP

GGC heuristics: --param ggc-min-expand=100 --param ggc-min-heapsize=131072
ignoring nonexistent directory "/usr/local/include/x86_64-linux-gnu"
ignoring nonexistent directory "/usr/local/lib/gcc/x86_64-pc-linux-gnu/14.3.0/../../../../x86_64-pc-linux-gnu/include"
ignoring nonexistent directory "/include"
ignoring nonexistent directory "/include"
#include "..." search starts here:
#include <...> search starts here:
 .
 /usr/local/lib/gcc/x86_64-pc-linux-gnu/14.3.0/include
 /usr/local/include
 /usr/local/lib/gcc/x86_64-pc-linux-gnu/14.3.0/include-fixed/x86_64-linux-gnu
 /usr/local/lib/gcc/x86_64-pc-linux-gnu/14.3.0/include-fixed
 /usr/include/x86_64-linux-gnu
 /usr/include
End of search list.
Compiler executable checksum: 0ef4022001b46a2c496d4bd881366125
COLLECT_GCC_OPTIONS='-fPIE' '-v' '-o' 'CMakeFiles/cmTC_52f2b.dir/CMakeCCompilerABI.c.o' '-c' '-mtune=generic' '-march=x86-64' '-dumpdir' 'CMakeFiles/cmTC_52f2b.dir/'
 as -v --64 -o CMakeFiles/cmTC_52f2b.dir/CMakeCCompilerABI.c.o /tmp/cckRIMG8.s
GNU assembler version 2.38 (x86_64-linux-gnu) using BFD version (GNU Binutils for Ubuntu) 2.38
COMPILER_PATH=/usr/local/libexec/gcc/x86_64-pc-linux-gnu/14.3.0/:/usr/local/libexec/gcc/x86_64-pc-linux-gnu/14.3.0/:/usr/local/libexec/gcc/x86_64-pc-linux-gnu/:/usr/local/lib/gcc/x86_64-pc-linux-gnu/14.3.0/:/usr/local/lib/gcc/x86_64-pc-linux-gnu/
LIBRARY_PATH=/usr/local/lib/gcc/x86_64-pc-linux-gnu/14.3.0/:/usr/local/lib/gcc/x86_64-pc-linux-gnu/14.3.0/../../../../lib64/:/lib/x86_64-linux-gnu/:/lib/../lib64/:/usr/lib/x86_64-linux-gnu/:/usr/lib/../lib64/:/usr/local/lib/gcc/x86_64-pc-linux-gnu/14.3.0/../../../:/lib/:/usr/lib/
COLLECT_GCC_OPTIONS='-fPIE' '-v' '-o' 'CMakeFiles/cmTC_52f2b.dir/CMakeCCompilerABI.c.o' '-c' '-mtune=generic' '-march=x86-64' '-dumpdir' 'CMakeFiles/cmTC_52f2b.dir/CMakeCCompilerABI.c.'
[2/2] Linking C executable cmTC_52f2b
Using built-in specs.
COLLECT_GCC=/usr/local/bin/gcc
COLLECT_LTO_WRAPPER=/usr/local/libexec/gcc/x86_64-pc-linux-gnu/14.3.0/lto-wrapper
Target: x86_64-pc-linux-gnu
Configured with: ../configure --prefix=/usr/local --with-pkgversion='glibc gcc v14.3.0' --enable-checking=release --enable-languages=c,c++ --disable-multilib --enable-bootstrap --enable-threads=posix --with-system-zlib--with-gmp=--with-mpfr=--with-mpc=
Thread model: posix
Supported LTO compression algorithms: zlib zstd
gcc version 14.3.0 (glibc gcc v14.3.0) 
COMPILER_PATH=/usr/local/libexec/gcc/x86_64-pc-linux-gnu/14.3.0/:/usr/local/libexec/gcc/x86_64-pc-linux-gnu/14.3.0/:/usr/local/libexec/gcc/x86_64-pc-linux-gnu/:/usr/local/lib/gcc/x86_64-pc-linux-gnu/14.3.0/:/usr/local/lib/gcc/x86_64-pc-linux-gnu/
LIBRARY_PATH=/usr/local/lib/gcc/x86_64-pc-linux-gnu/14.3.0/:/usr/local/lib/gcc/x86_64-pc-linux-gnu/14.3.0/../../../../lib64/:/lib/x86_64-linux-gnu/:/lib/../lib64/:/usr/lib/x86_64-linux-gnu/:/usr/lib/../lib64/:/usr/local/lib/gcc/x86_64-pc-linux-gnu/14.3.0/../../../:/lib/:/usr/lib/
COLLECT_GCC_OPTIONS='-v' '-o' 'cmTC_52f2b' '-mtune=generic' '-march=x86-64' '-dumpdir' 'cmTC_52f2b.'
 /usr/local/libexec/gcc/x86_64-pc-linux-gnu/14.3.0/collect2 -plugin /usr/local/libexec/gcc/x86_64-pc-linux-gnu/14.3.0/liblto_plugin.so -plugin-opt=/usr/local/libexec/gcc/x86_64-pc-linux-gnu/14.3.0/lto-wrapper -plugin-opt=-fresolution=/tmp/cc69LGn0.res -plugin-opt=-pass-through=-lgcc -plugin-opt=-pass-through=-lgcc_s -plugin-opt=-pass-through=-lc -plugin-opt=-pass-through=-lgcc -plugin-opt=-pass-through=-lgcc_s --eh-frame-hdr -m elf_x86_64 -dynamic-linker /lib64/ld-linux-x86-64.so.2 -o cmTC_52f2b /lib/x86_64-linux-gnu/crt1.o /lib/x86_64-linux-gnu/crti.o /usr/local/lib/gcc/x86_64-pc-linux-gnu/14.3.0/crtbegin.o -L/usr/local/lib/gcc/x86_64-pc-linux-gnu/14.3.0 -L/usr/local/lib/gcc/x86_64-pc-linux-gnu/14.3.0/../../../../lib64 -L/lib/x86_64-linux-gnu -L/lib/../lib64 -L/usr/lib/x86_64-linux-gnu -L/usr/lib/../lib64 -L/usr/local/lib/gcc/x86_64-pc-linux-gnu/14.3.0/../../.. CMakeFiles/cmTC_52f2b.dir/CMakeCCompilerABI.c.o -lgcc --push-state --as-needed -lgcc_s --pop-state -lc -lgcc --push-state --as-needed -lgcc_s --pop-state /usr/local/lib/gcc/x86_64-pc-linux-gnu/14.3.0/crtend.o /lib/x86_64-linux-gnu/crtn.o
COLLECT_GCC_OPTIONS='-v' '-o' 'cmTC_52f2b' '-mtune=generic' '-march=x86-64' '-dumpdir' 'cmTC_52f2b.'



Parsed C implicit include dir info from above output: rv=done
  found start of include info
  found start of implicit include info
    add: [.]
    add: [/usr/local/lib/gcc/x86_64-pc-linux-gnu/14.3.0/include]
    add: [/usr/local/include]
    add: [/usr/local/lib/gcc/x86_64-pc-linux-gnu/14.3.0/include-fixed/x86_64-linux-gnu]
    add: [/usr/local/lib/gcc/x86_64-pc-linux-gnu/14.3.0/include-fixed]
    add: [/usr/include/x86_64-linux-gnu]
    add: [/usr/include]
  end of search list found
  skipping relative include dir [.]
  collapse include dir [/usr/local/lib/gcc/x86_64-pc-linux-gnu/14.3.0/include] ==> [/usr/local/lib/gcc/x86_64-pc-linux-gnu/14.3.0/include]
  collapse include dir [/usr/local/include] ==> [/usr/local/include]
  collapse include dir [/usr/local/lib/gcc/x86_64-pc-linux-gnu/14.3.0/include-fixed/x86_64-linux-gnu] ==> [/usr/local/lib/gcc/x86_64-pc-linux-gnu/14.3.0/include-fixed/x86_64-linux-gnu]
  collapse include dir [/usr/local/lib/gcc/x86_64-pc-linux-gnu/14.3.0/include-fixed] ==> [/usr/local/lib/gcc/x86_64-pc-linux-gnu/14.3.0/include-fixed]
  collapse include dir [/usr/include/x86_64-linux-gnu] ==> [/usr/include/x86_64-linux-gnu]
  collapse include dir [/usr/include] ==> [/usr/include]
  implicit include dirs: [/usr/local/lib/gcc/x86_64-pc-linux-gnu/14.3.0/include;/usr/local/include;/usr/local/lib/gcc/x86_64-pc-linux-gnu/14.3.0/include-fixed/x86_64-linux-gnu;/usr/local/lib/gcc/x86_64-pc-linux-gnu/14.3.0/include-fixed;/usr/include/x86_64-linux-gnu;/usr/include]


Parsed C implicit link information from above output:
  link line regex: [^( *|.*[/\])(ld|CMAKE_LINK_STARTFILE-NOTFOUND|([^/\]+-)?ld|collect2)[^/\]*( |$)]
  ignore line: [Change Dir: /home/ubzjx/Proj/Intern_QCen/work/rsim-driver/build/CMakeFiles/CMakeTmp]
  ignore line: []
  ignore line: [Run Build Command(s):/usr/bin/ninja cmTC_52f2b && [1/2] Building C object CMakeFiles/cmTC_52f2b.dir/CMakeCCompilerABI.c.o]
  ignore line: [Using built-in specs.]
  ignore line: [COLLECT_GCC=/usr/local/bin/gcc]
  ignore line: [Target: x86_64-pc-linux-gnu]
  ignore line: [Configured with: ../configure --prefix=/usr/local --with-pkgversion='glibc gcc v14.3.0' --enable-checking=release --enable-languages=c c++ --disable-multilib --enable-bootstrap --enable-threads=posix --with-system-zlib--with-gmp=--with-mpfr=--with-mpc=]
  ignore line: [Thread model: posix]
  ignore line: [Supported LTO compression algorithms: zlib zstd]
  ignore line: [gcc version 14.3.0 (glibc gcc v14.3.0) ]
  ignore line: [COLLECT_GCC_OPTIONS='-fPIE' '-v' '-o' 'CMakeFiles/cmTC_52f2b.dir/CMakeCCompilerABI.c.o' '-c' '-mtune=generic' '-march=x86-64' '-dumpdir' 'CMakeFiles/cmTC_52f2b.dir/']
  ignore line: [ /usr/local/libexec/gcc/x86_64-pc-linux-gnu/14.3.0/cc1 -quiet -v -imultiarch x86_64-linux-gnu /usr/share/cmake-3.22/Modules/CMakeCCompilerABI.c -quiet -dumpdir CMakeFiles/cmTC_52f2b.dir/ -dumpbase CMakeCCompilerABI.c.c -dumpbase-ext .c -mtune=generic -march=x86-64 -version -fPIE -o /tmp/cckRIMG8.s]
  ignore line: [GNU C17 (glibc gcc v14.3.0) version 14.3.0 (x86_64-pc-linux-gnu)]
  ignore line: [	compiled by GNU C version 14.3.0  GMP version 6.2.1  MPFR version 4.1.0  MPC version 1.2.1  isl version isl-0.24-GMP]
  ignore line: []
  ignore line: [GGC heuristics: --param ggc-min-expand=100 --param ggc-min-heapsize=131072]
  ignore line: [ignoring nonexistent directory "/usr/local/include/x86_64-linux-gnu"]
  ignore line: [ignoring nonexistent directory "/usr/local/lib/gcc/x86_64-pc-linux-gnu/14.3.0/../../../../x86_64-pc-linux-gnu/include"]
  ignore line: [ignoring nonexistent directory "/include"]
  ignore line: [ignoring nonexistent directory "/include"]
  ignore line: [#include "..." search starts here:]
  ignore line: [#include <...> search starts here:]
  ignore line: [ .]
  ignore line: [ /usr/local/lib/gcc/x86_64-pc-linux-gnu/14.3.0/include]
  ignore line: [ /usr/local/include]
  ignore line: [ /usr/local/lib/gcc/x86_64-pc-linux-gnu/14.3.0/include-fixed/x86_64-linux-gnu]
  ignore line: [ /usr/local/lib/gcc/x86_64-pc-linux-gnu/14.3.0/include-fixed]
  ignore line: [ /usr/include/x86_64-linux-gnu]
  ignore line: [ /usr/include]
  ignore line: [End of search list.]
  ignore line: [Compiler executable checksum: 0ef4022001b46a2c496d4bd881366125]
  ignore line: [COLLECT_GCC_OPTIONS='-fPIE' '-v' '-o' 'CMakeFiles/cmTC_52f2b.dir/CMakeCCompilerABI.c.o' '-c' '-mtune=generic' '-march=x86-64' '-dumpdir' 'CMakeFiles/cmTC_52f2b.dir/']
  ignore line: [ as -v --64 -o CMakeFiles/cmTC_52f2b.dir/CMakeCCompilerABI.c.o /tmp/cckRIMG8.s]
  ignore line: [GNU assembler version 2.38 (x86_64-linux-gnu) using BFD version (GNU Binutils for Ubuntu) 2.38]
  ignore line: [COMPILER_PATH=/usr/local/libexec/gcc/x86_64-pc-linux-gnu/14.3.0/:/usr/local/libexec/gcc/x86_64-pc-linux-gnu/14.3.0/:/usr/local/libexec/gcc/x86_64-pc-linux-gnu/:/usr/local/lib/gcc/x86_64-pc-linux-gnu/14.3.0/:/usr/local/lib/gcc/x86_64-pc-linux-gnu/]
  ignore line: [LIBRARY_PATH=/usr/local/lib/gcc/x86_64-pc-linux-gnu/14.3.0/:/usr/local/lib/gcc/x86_64-pc-linux-gnu/14.3.0/../../../../lib64/:/lib/x86_64-linux-gnu/:/lib/../lib64/:/usr/lib/x86_64-linux-gnu/:/usr/lib/../lib64/:/usr/local/lib/gcc/x86_64-pc-linux-gnu/14.3.0/../../../:/lib/:/usr/lib/]
  ignore line: [COLLECT_GCC_OPTIONS='-fPIE' '-v' '-o' 'CMakeFiles/cmTC_52f2b.dir/CMakeCCompilerABI.c.o' '-c' '-mtune=generic' '-march=x86-64' '-dumpdir' 'CMakeFiles/cmTC_52f2b.dir/CMakeCCompilerABI.c.']
  ignore line: [[2/2] Linking C executable cmTC_52f2b]
  ignore line: [Using built-in specs.]
  ignore line: [COLLECT_GCC=/usr/local/bin/gcc]
  ignore line: [COLLECT_LTO_WRAPPER=/usr/local/libexec/gcc/x86_64-pc-linux-gnu/14.3.0/lto-wrapper]
  ignore line: [Target: x86_64-pc-linux-gnu]
  ignore line: [Configured with: ../configure --prefix=/usr/local --with-pkgversion='glibc gcc v14.3.0' --enable-checking=release --enable-languages=c c++ --disable-multilib --enable-bootstrap --enable-threads=posix --with-system-zlib--with-gmp=--with-mpfr=--with-mpc=]
  ignore line: [Thread model: posix]
  ignore line: [Supported LTO compression algorithms: zlib zstd]
  ignore line: [gcc version 14.3.0 (glibc gcc v14.3.0) ]
  ignore line: [COMPILER_PATH=/usr/local/libexec/gcc/x86_64-pc-linux-gnu/14.3.0/:/usr/local/libexec/gcc/x86_64-pc-linux-gnu/14.3.0/:/usr/local/libexec/gcc/x86_64-pc-linux-gnu/:/usr/local/lib/gcc/x86_64-pc-linux-gnu/14.3.0/:/usr/local/lib/gcc/x86_64-pc-linux-gnu/]
  ignore line: [LIBRARY_PATH=/usr/local/lib/gcc/x86_64-pc-linux-gnu/14.3.0/:/usr/local/lib/gcc/x86_64-pc-linux-gnu/14.3.0/../../../../lib64/:/lib/x86_64-linux-gnu/:/lib/../lib64/:/usr/lib/x86_64-linux-gnu/:/usr/lib/../lib64/:/usr/local/lib/gcc/x86_64-pc-linux-gnu/14.3.0/../../../:/lib/:/usr/lib/]
  ignore line: [COLLECT_GCC_OPTIONS='-v' '-o' 'cmTC_52f2b' '-mtune=generic' '-march=x86-64' '-dumpdir' 'cmTC_52f2b.']
  link line: [ /usr/local/libexec/gcc/x86_64-pc-linux-gnu/14.3.0/collect2 -plugin /usr/local/libexec/gcc/x86_64-pc-linux-gnu/14.3.0/liblto_plugin.so -plugin-opt=/usr/local/libexec/gcc/x86_64-pc-linux-gnu/14.3.0/lto-wrapper -plugin-opt=-fresolution=/tmp/cc69LGn0.res -plugin-opt=-pass-through=-lgcc -plugin-opt=-pass-through=-lgcc_s -plugin-opt=-pass-through=-lc -plugin-opt=-pass-through=-lgcc -plugin-opt=-pass-through=-lgcc_s --eh-frame-hdr -m elf_x86_64 -dynamic-linker /lib64/ld-linux-x86-64.so.2 -o cmTC_52f2b /lib/x86_64-linux-gnu/crt1.o /lib/x86_64-linux-gnu/crti.o /usr/local/lib/gcc/x86_64-pc-linux-gnu/14.3.0/crtbegin.o -L/usr/local/lib/gcc/x86_64-pc-linux-gnu/14.3.0 -L/usr/local/lib/gcc/x86_64-pc-linux-gnu/14.3.0/../../../../lib64 -L/lib/x86_64-linux-gnu -L/lib/../lib64 -L/usr/lib/x86_64-linux-gnu -L/usr/lib/../lib64 -L/usr/local/lib/gcc/x86_64-pc-linux-gnu/14.3.0/../../.. CMakeFiles/cmTC_52f2b.dir/CMakeCCompilerABI.c.o -lgcc --push-state --as-needed -lgcc_s --pop-state -lc -lgcc --push-state --as-needed -lgcc_s --pop-state /usr/local/lib/gcc/x86_64-pc-linux-gnu/14.3.0/crtend.o /lib/x86_64-linux-gnu/crtn.o]
    arg [/usr/local/libexec/gcc/x86_64-pc-linux-gnu/14.3.0/collect2] ==> ignore
    arg [-plugin] ==> ignore
    arg [/usr/local/libexec/gcc/x86_64-pc-linux-gnu/14.3.0/liblto_plugin.so] ==> ignore
    arg [-plugin-opt=/usr/local/libexec/gcc/x86_64-pc-linux-gnu/14.3.0/lto-wrapper] ==> ignore
    arg [-plugin-opt=-fresolution=/tmp/cc69LGn0.res] ==> ignore
    arg [-plugin-opt=-pass-through=-lgcc] ==> ignore
    arg [-plugin-opt=-pass-through=-lgcc_s] ==> ignore
    arg [-plugin-opt=-pass-through=-lc] ==> ignore
    arg [-plugin-opt=-pass-through=-lgcc] ==> ignore
    arg [-plugin-opt=-pass-through=-lgcc_s] ==> ignore
    arg [--eh-frame-hdr] ==> ignore
    arg [-m] ==> ignore
    arg [elf_x86_64] ==> ignore
    arg [-dynamic-linker] ==> ignore
    arg [/lib64/ld-linux-x86-64.so.2] ==> ignore
    arg [-o] ==> ignore
    arg [cmTC_52f2b] ==> ignore
    arg [/lib/x86_64-linux-gnu/crt1.o] ==> obj [/lib/x86_64-linux-gnu/crt1.o]
    arg [/lib/x86_64-linux-gnu/crti.o] ==> obj [/lib/x86_64-linux-gnu/crti.o]
    arg [/usr/local/lib/gcc/x86_64-pc-linux-gnu/14.3.0/crtbegin.o] ==> obj [/usr/local/lib/gcc/x86_64-pc-linux-gnu/14.3.0/crtbegin.o]
    arg [-L/usr/local/lib/gcc/x86_64-pc-linux-gnu/14.3.0] ==> dir [/usr/local/lib/gcc/x86_64-pc-linux-gnu/14.3.0]
    arg [-L/usr/local/lib/gcc/x86_64-pc-linux-gnu/14.3.0/../../../../lib64] ==> dir [/usr/local/lib/gcc/x86_64-pc-linux-gnu/14.3.0/../../../../lib64]
    arg [-L/lib/x86_64-linux-gnu] ==> dir [/lib/x86_64-linux-gnu]
    arg [-L/lib/../lib64] ==> dir [/lib/../lib64]
    arg [-L/usr/lib/x86_64-linux-gnu] ==> dir [/usr/lib/x86_64-linux-gnu]
    arg [-L/usr/lib/../lib64] ==> dir [/usr/lib/../lib64]
    arg [-L/usr/local/lib/gcc/x86_64-pc-linux-gnu/14.3.0/../../..] ==> dir [/usr/local/lib/gcc/x86_64-pc-linux-gnu/14.3.0/../../..]
    arg [CMakeFiles/cmTC_52f2b.dir/CMakeCCompilerABI.c.o] ==> ignore
    arg [-lgcc] ==> lib [gcc]
    arg [--push-state] ==> ignore
    arg [--as-needed] ==> ignore
    arg [-lgcc_s] ==> lib [gcc_s]
    arg [--pop-state] ==> ignore
    arg [-lc] ==> lib [c]
    arg [-lgcc] ==> lib [gcc]
    arg [--push-state] ==> ignore
    arg [--as-needed] ==> ignore
    arg [-lgcc_s] ==> lib [gcc_s]
    arg [--pop-state] ==> ignore
    arg [/usr/local/lib/gcc/x86_64-pc-linux-gnu/14.3.0/crtend.o] ==> obj [/usr/local/lib/gcc/x86_64-pc-linux-gnu/14.3.0/crtend.o]
    arg [/lib/x86_64-linux-gnu/crtn.o] ==> obj [/lib/x86_64-linux-gnu/crtn.o]
  collapse library dir [/usr/local/lib/gcc/x86_64-pc-linux-gnu/14.3.0] ==> [/usr/local/lib/gcc/x86_64-pc-linux-gnu/14.3.0]
  collapse library dir [/usr/local/lib/gcc/x86_64-pc-linux-gnu/14.3.0/../../../../lib64] ==> [/usr/local/lib64]
  collapse library dir [/lib/x86_64-linux-gnu] ==> [/lib/x86_64-linux-gnu]
  collapse library dir [/lib/../lib64] ==> [/lib64]
  collapse library dir [/usr/lib/x86_64-linux-gnu] ==> [/usr/lib/x86_64-linux-gnu]
  collapse library dir [/usr/lib/../lib64] ==> [/usr/lib64]
  collapse library dir [/usr/local/lib/gcc/x86_64-pc-linux-gnu/14.3.0/../../..] ==> [/usr/local/lib]
  implicit libs: [gcc;gcc_s;c;gcc;gcc_s]
  implicit objs: [/lib/x86_64-linux-gnu/crt1.o;/lib/x86_64-linux-gnu/crti.o;/usr/local/lib/gcc/x86_64-pc-linux-gnu/14.3.0/crtbegin.o;/usr/local/lib/gcc/x86_64-pc-linux-gnu/14.3.0/crtend.o;/lib/x86_64-linux-gnu/crtn.o]
  implicit dirs: [/usr/local/lib/gcc/x86_64-pc-linux-gnu/14.3.0;/usr/local/lib64;/lib/x86_64-linux-gnu;/lib64;/usr/lib/x86_64-linux-gnu;/usr/lib64;/usr/local/lib]
  implicit fwks: []


Determining if the include file pthread.h exists passed with the following output:
Change Dir: /home/ubzjx/Proj/Intern_QCen/work/rsim-driver/build/CMakeFiles/CMakeTmp

Run Build Command(s):/usr/bin/ninja cmTC_0aaf4 && [1/2] Building C object CMakeFiles/cmTC_0aaf4.dir/CheckIncludeFile.c.o
[2/2] Linking C executable cmTC_0aaf4



Performing C SOURCE FILE Test CMAKE_HAVE_LIBC_PTHREAD succeeded with the following output:
Change Dir: /home/ubzjx/Proj/Intern_QCen/work/rsim-driver/build/CMakeFiles/CMakeTmp

Run Build Command(s):/usr/bin/ninja cmTC_f5a04 && [1/2] Building C object CMakeFiles/cmTC_f5a04.dir/src.c.o
[2/2] Linking C executable cmTC_f5a04


Source file was:
#include <pthread.h>

static void* test_func(void* data)
{
  return data;
}

int main(void)
{
  pthread_t thread;
  pthread_create(&thread, NULL, test_func, NULL);
  pthread_detach(thread);
  pthread_cancel(thread);
  pthread_join(thread, NULL);
  pthread_atfork(NULL, NULL, NULL);
  pthread_exit(NULL);

  return 0;
}

Performing C++ SOURCE FILE Test BOOST_ATOMIC_TARGET_X86 succeeded with the following output:
Change Dir: /home/ubzjx/Proj/Intern_QCen/work/rsim-driver/build/CMakeFiles/CMakeTmp

Run Build Command(s):/usr/bin/ninja cmTC_4d39f && [1/2] Building CXX object CMakeFiles/cmTC_4d39f.dir/src.cxx.o
[2/2] Linking CXX executable cmTC_4d39f


Source file was:
#include </home/ubzjx/Proj/Intern_QCen/work/rsim-driver/third_party/boost/libs/atomic/../config/checks/architecture/x86.cpp>
int main() {}
Performing C++ SOURCE FILE Test BOOST_ATOMIC_COMPILER_HAS_SSE2 succeeded with the following output:
Change Dir: /home/ubzjx/Proj/Intern_QCen/work/rsim-driver/build/CMakeFiles/CMakeTmp

Run Build Command(s):/usr/bin/ninja cmTC_9624d && [1/2] Building CXX object CMakeFiles/cmTC_9624d.dir/src.cxx.o
[2/2] Linking CXX executable cmTC_9624d


Source file was:
#include </home/ubzjx/Proj/Intern_QCen/work/rsim-driver/third_party/boost/libs/atomic/config/has_sse2.cpp>
Performing C++ SOURCE FILE Test BOOST_ATOMIC_COMPILER_HAS_SSE41 succeeded with the following output:
Change Dir: /home/ubzjx/Proj/Intern_QCen/work/rsim-driver/build/CMakeFiles/CMakeTmp

Run Build Command(s):/usr/bin/ninja cmTC_a77c7 && [1/2] Building CXX object CMakeFiles/cmTC_a77c7.dir/src.cxx.o
[2/2] Linking CXX executable cmTC_a77c7


Source file was:
#include </home/ubzjx/Proj/Intern_QCen/work/rsim-driver/third_party/boost/libs/atomic/config/has_sse41.cpp>
Checking whether the ASM compiler is GNU using "--version" matched "(GNU assembler)|(GCC)|(Free Software Foundation)":
gcc (glibc gcc v14.3.0) 14.3.0
Copyright (C) 2024 Free Software Foundation, Inc.
This is free software; see the source for copying conditions.  There is NO
warranty; not even for MERCHANTABILITY or FITNESS FOR A PARTICULAR PURPOSE.

Performing C++ SOURCE FILE Test BOOST_FILESYSTEM_HAS_INIT_PRIORITY succeeded with the following output:
Change Dir: /home/ubzjx/Proj/Intern_QCen/work/rsim-driver/build/CMakeFiles/CMakeTmp

Run Build Command(s):/usr/bin/ninja cmTC_a9e07 && [1/2] Building CXX object CMakeFiles/cmTC_a9e07.dir/src.cxx.o
[2/2] Linking CXX executable cmTC_a9e07


Source file was:
#include </home/ubzjx/Proj/Intern_QCen/work/rsim-driver/third_party/boost/libs/filesystem/config/has_attribute_init_priority.cpp>
Performing C++ SOURCE FILE Test BOOST_FILESYSTEM_HAS_STAT_ST_BLKSIZE succeeded with the following output:
Change Dir: /home/ubzjx/Proj/Intern_QCen/work/rsim-driver/build/CMakeFiles/CMakeTmp

Run Build Command(s):/usr/bin/ninja cmTC_0d5b7 && [1/2] Building CXX object CMakeFiles/cmTC_0d5b7.dir/src.cxx.o
[2/2] Linking CXX executable cmTC_0d5b7


Source file was:
#include </home/ubzjx/Proj/Intern_QCen/work/rsim-driver/third_party/boost/libs/filesystem/config/has_stat_st_blksize.cpp>
Performing C++ SOURCE FILE Test BOOST_FILESYSTEM_HAS_STAT_ST_MTIM succeeded with the following output:
Change Dir: /home/ubzjx/Proj/Intern_QCen/work/rsim-driver/build/CMakeFiles/CMakeTmp

Run Build Command(s):/usr/bin/ninja cmTC_d1e6d && [1/2] Building CXX object CMakeFiles/cmTC_d1e6d.dir/src.cxx.o
[2/2] Linking CXX executable cmTC_d1e6d


Source file was:
#include </home/ubzjx/Proj/Intern_QCen/work/rsim-driver/third_party/boost/libs/filesystem/config/has_stat_st_mtim.cpp>
Performing C++ SOURCE FILE Test BOOST_FILESYSTEM_HAS_STATX succeeded with the following output:
Change Dir: /home/ubzjx/Proj/Intern_QCen/work/rsim-driver/build/CMakeFiles/CMakeTmp

Run Build Command(s):/usr/bin/ninja cmTC_5caed && [1/2] Building CXX object CMakeFiles/cmTC_5caed.dir/src.cxx.o
[2/2] Linking CXX executable cmTC_5caed


Source file was:
#include </home/ubzjx/Proj/Intern_QCen/work/rsim-driver/third_party/boost/libs/filesystem/config/has_statx.cpp>
Performing C++ SOURCE FILE Test BOOST_FILESYSTEM_HAS_FDOPENDIR_NOFOLLOW succeeded with the following output:
Change Dir: /home/ubzjx/Proj/Intern_QCen/work/rsim-driver/build/CMakeFiles/CMakeTmp

Run Build Command(s):/usr/bin/ninja cmTC_5eb6f && [1/2] Building CXX object CMakeFiles/cmTC_5eb6f.dir/src.cxx.o
[2/2] Linking CXX executable cmTC_5eb6f


Source file was:
#include </home/ubzjx/Proj/Intern_QCen/work/rsim-driver/third_party/boost/libs/filesystem/config/has_fdopendir_nofollow.cpp>
Performing C++ SOURCE FILE Test BOOST_FILESYSTEM_HAS_DIRENT_D_TYPE succeeded with the following output:
Change Dir: /home/ubzjx/Proj/Intern_QCen/work/rsim-driver/build/CMakeFiles/CMakeTmp

Run Build Command(s):/usr/bin/ninja cmTC_246cc && [1/2] Building CXX object CMakeFiles/cmTC_246cc.dir/src.cxx.o
[2/2] Linking CXX executable cmTC_246cc


Source file was:
#include </home/ubzjx/Proj/Intern_QCen/work/rsim-driver/third_party/boost/libs/filesystem/config/has_dirent_d_type.cpp>
Performing C++ SOURCE FILE Test BOOST_FILESYSTEM_HAS_POSIX_AT_APIS succeeded with the following output:
Change Dir: /home/ubzjx/Proj/Intern_QCen/work/rsim-driver/build/CMakeFiles/CMakeTmp

Run Build Command(s):/usr/bin/ninja cmTC_525a7 && [1/2] Building CXX object CMakeFiles/cmTC_525a7.dir/src.cxx.o
[2/2] Linking CXX executable cmTC_525a7


Source file was:
#include </home/ubzjx/Proj/Intern_QCen/work/rsim-driver/third_party/boost/libs/filesystem/config/has_posix_at_apis.cpp>
Performing C SOURCE FILE Test HAVE_LD_VERSION_SCRIPT succeeded with the following output:
Change Dir: /home/ubzjx/Proj/Intern_QCen/work/rsim-driver/build/CMakeFiles/CMakeTmp

Run Build Command(s):/usr/bin/ninja cmTC_6a5c5 && [1/2] Building C object CMakeFiles/cmTC_6a5c5.dir/src.c.o
[2/2] Linking C executable cmTC_6a5c5


Source file was:

void sym1(void) {}
void sym2(void) {}
int main(void) { return 0; }

Determining if the fwrite_unlocked exist passed with the following output:
Change Dir: /home/ubzjx/Proj/Intern_QCen/work/rsim-driver/build/CMakeFiles/CMakeTmp

Run Build Command(s):/usr/bin/ninja cmTC_911f2 && [1/2] Building C object CMakeFiles/cmTC_911f2.dir/CheckSymbolExists.c.o
[2/2] Linking C executable cmTC_911f2


File /home/ubzjx/Proj/Intern_QCen/work/rsim-driver/build/CMakeFiles/CMakeTmp/CheckSymbolExists.c:
/* */
#include <stdio.h>

int main(int argc, char** argv)
{
  (void)argv;
#ifndef fwrite_unlocked
  return ((int*)(&fwrite_unlocked))[argc];
#else
  (void)argc;
  return 0;
#endif
}
Determining if files dlfcn.h exist passed with the following output:
Change Dir: /home/ubzjx/Proj/Intern_QCen/work/rsim-driver/build/CMakeFiles/CMakeTmp

Run Build Command(s):/usr/bin/ninja cmTC_3ed98 && [1/2] Building C object CMakeFiles/cmTC_3ed98.dir/HAVE_DLFCN_H.c.o
[2/2] Linking C executable cmTC_3ed98



Determining if files inttypes.h exist passed with the following output:
Change Dir: /home/ubzjx/Proj/Intern_QCen/work/rsim-driver/build/CMakeFiles/CMakeTmp

Run Build Command(s):/usr/bin/ninja cmTC_e341c && [1/2] Building C object CMakeFiles/cmTC_e341c.dir/HAVE_INTTYPES_H.c.o
[2/2] Linking C executable cmTC_e341c



Determining if files memory.h exist passed with the following output:
Change Dir: /home/ubzjx/Proj/Intern_QCen/work/rsim-driver/build/CMakeFiles/CMakeTmp

Run Build Command(s):/usr/bin/ninja cmTC_1971b && [1/2] Building C object CMakeFiles/cmTC_1971b.dir/HAVE_MEMORY_H.c.o
[2/2] Linking C executable cmTC_1971b



Determining if files stdint.h exist passed with the following output:
Change Dir: /home/ubzjx/Proj/Intern_QCen/work/rsim-driver/build/CMakeFiles/CMakeTmp

Run Build Command(s):/usr/bin/ninja cmTC_698c3 && [1/2] Building C object CMakeFiles/cmTC_698c3.dir/HAVE_STDINT_H.c.o
[2/2] Linking C executable cmTC_698c3



Determining if files stdlib.h exist passed with the following output:
Change Dir: /home/ubzjx/Proj/Intern_QCen/work/rsim-driver/build/CMakeFiles/CMakeTmp

Run Build Command(s):/usr/bin/ninja cmTC_de088 && [1/2] Building C object CMakeFiles/cmTC_de088.dir/HAVE_STDLIB_H.c.o
[2/2] Linking C executable cmTC_de088



Determining if files string.h exist passed with the following output:
Change Dir: /home/ubzjx/Proj/Intern_QCen/work/rsim-driver/build/CMakeFiles/CMakeTmp

Run Build Command(s):/usr/bin/ninja cmTC_a533b && [1/2] Building C object CMakeFiles/cmTC_a533b.dir/HAVE_STRING_H.c.o
[2/2] Linking C executable cmTC_a533b



Determining if files sys/stat.h exist passed with the following output:
Change Dir: /home/ubzjx/Proj/Intern_QCen/work/rsim-driver/build/CMakeFiles/CMakeTmp

Run Build Command(s):/usr/bin/ninja cmTC_99092 && [1/2] Building C object CMakeFiles/cmTC_99092.dir/HAVE_SYS_STAT_H.c.o
[2/2] Linking C executable cmTC_99092



Determining if files sys/types.h exist passed with the following output:
Change Dir: /home/ubzjx/Proj/Intern_QCen/work/rsim-driver/build/CMakeFiles/CMakeTmp

Run Build Command(s):/usr/bin/ninja cmTC_ae49f && [1/2] Building C object CMakeFiles/cmTC_ae49f.dir/HAVE_SYS_TYPES_H.c.o
[2/2] Linking C executable cmTC_ae49f



Determining if files unistd.h exist passed with the following output:
Change Dir: /home/ubzjx/Proj/Intern_QCen/work/rsim-driver/build/CMakeFiles/CMakeTmp

Run Build Command(s):/usr/bin/ninja cmTC_86539 && [1/2] Building C object CMakeFiles/cmTC_86539.dir/HAVE_UNISTD_H.c.o
[2/2] Linking C executable cmTC_86539



Determining if files stdlib.h;stdarg.h;string.h;float.h exist passed with the following output:
Change Dir: /home/ubzjx/Proj/Intern_QCen/work/rsim-driver/build/CMakeFiles/CMakeTmp

Run Build Command(s):/usr/bin/ninja cmTC_f1ba6 && [1/2] Building C object CMakeFiles/cmTC_f1ba6.dir/STDC_HEADERS.c.o
[2/2] Linking C executable cmTC_f1ba6



Determining if the function localeconv exists passed with the following output:
Change Dir: /home/ubzjx/Proj/Intern_QCen/work/rsim-driver/build/CMakeFiles/CMakeTmp

Run Build Command(s):/usr/bin/ninja cmTC_15875 && [1/2] Building C object CMakeFiles/cmTC_15875.dir/CheckFunctionExists.c.o
[2/2] Linking C executable cmTC_15875



Determining if the function ceil exists in the m passed with the following output:
Change Dir: /home/ubzjx/Proj/Intern_QCen/work/rsim-driver/build/CMakeFiles/CMakeTmp

Run Build Command(s):/usr/bin/ninja cmTC_cabc4 && [1/2] Building C object CMakeFiles/cmTC_cabc4.dir/CheckFunctionExists.c.o
<命令行>: 警告：conflicting types for built-in function ‘ceil’; expected ‘double(double)’ [-Wbuiltin-declaration-mismatch]
/usr/share/cmake-3.22/Modules/CheckFunctionExists.c:7:3: 附注：在宏 ‘CHECK_FUNCTION_EXISTS’ 展开时
    7 |   CHECK_FUNCTION_EXISTS(void);
      |   ^~~~~~~~~~~~~~~~~~~~~
/usr/share/cmake-3.22/Modules/CheckFunctionExists.c:1:1: 附注：‘ceil’ 在 ‘<math.h>’ 头文件中声明
  +++ |+#include <math.h>
    1 | #ifdef CHECK_FUNCTION_EXISTS
[2/2] Linking C executable cmTC_cabc4



Performing C SOURCE FILE Test C99_MATH succeeded with the following output:
Change Dir: /home/ubzjx/Proj/Intern_QCen/work/rsim-driver/build/CMakeFiles/CMakeTmp

Run Build Command(s):/usr/bin/ninja cmTC_19bb3 && [1/2] Building C object CMakeFiles/cmTC_19bb3.dir/src.c.o
[2/2] Linking C executable cmTC_19bb3


Source file was:
#include <math.h>
int main() {
  int q;
  return (int)(hypot(3.0, 4.0) + atanh(0.8) + cbrt(8.0) +
               remquo(100.0, 90.0, &q) +
               remainder(100.0, 90.0) + copysign(1.0, -0.0) +
               log1p(0.1) + asinh(0.1)) +
               isnan(0.0);
}

Determining if the include file stddef.h exists passed with the following output:
Change Dir: /home/ubzjx/Proj/Intern_QCen/work/rsim-driver/build/CMakeFiles/CMakeTmp

Run Build Command(s):/usr/bin/ninja cmTC_0131d && [1/2] Building C object CMakeFiles/cmTC_0131d.dir/CheckIncludeFile.c.o
[2/2] Linking C executable cmTC_0131d



Determining size of off64_t passed with the following output:
Change Dir: /home/ubzjx/Proj/Intern_QCen/work/rsim-driver/build/CMakeFiles/CMakeTmp

Run Build Command(s):/usr/bin/ninja cmTC_8c790 && [1/2] Building C object CMakeFiles/cmTC_8c790.dir/OFF64_T.c.o
[2/2] Linking C executable cmTC_8c790



Determining if the function fseeko exists passed with the following output:
Change Dir: /home/ubzjx/Proj/Intern_QCen/work/rsim-driver/build/CMakeFiles/CMakeTmp

Run Build Command(s):/usr/bin/ninja cmTC_3efdd && [1/2] Building C object CMakeFiles/cmTC_3efdd.dir/CheckFunctionExists.c.o
[2/2] Linking C executable cmTC_3efdd



Determining if the include file unistd.h exists passed with the following output:
Change Dir: /home/ubzjx/Proj/Intern_QCen/work/rsim-driver/build/CMakeFiles/CMakeTmp

Run Build Command(s):/usr/bin/ninja cmTC_beaaa && [1/2] Building C object CMakeFiles/cmTC_beaaa.dir/CheckIncludeFile.c.o
[2/2] Linking C executable cmTC_beaaa



Performing C++ SOURCE FILE Test HAS_EXCEPTIONS_FLAG succeeded with the following output:
Change Dir: /home/ubzjx/Proj/Intern_QCen/work/rsim-driver/build/CMakeFiles/CMakeTmp

Run Build Command(s):/usr/bin/ninja cmTC_19a17 && [1/2] Building CXX object CMakeFiles/cmTC_19a17.dir/src.cxx.o
[2/2] Linking CXX executable cmTC_19a17


Source file was:
int main() { return 0; }
Performing C++ SOURCE FILE Test HAS_RTTI_FLAG succeeded with the following output:
Change Dir: /home/ubzjx/Proj/Intern_QCen/work/rsim-driver/build/CMakeFiles/CMakeTmp

Run Build Command(s):/usr/bin/ninja cmTC_e0b75 && [1/2] Building CXX object CMakeFiles/cmTC_e0b75.dir/src.cxx.o
[2/2] Linking CXX executable cmTC_e0b75


Source file was:
int main() { return 0; }
Performing C++ SOURCE FILE Test has_std_17_flag succeeded with the following output:
Change Dir: /home/ubzjx/Proj/Intern_QCen/work/rsim-driver/build/CMakeFiles/CMakeTmp

Run Build Command(s):/usr/bin/ninja cmTC_2822e && [1/2] Building CXX object CMakeFiles/cmTC_2822e.dir/src.cxx.o
[2/2] Linking CXX executable cmTC_2822e


Source file was:
int main() { return 0; }
Performing C++ SOURCE FILE Test has_std_1z_flag succeeded with the following output:
Change Dir: /home/ubzjx/Proj/Intern_QCen/work/rsim-driver/build/CMakeFiles/CMakeTmp

Run Build Command(s):/usr/bin/ninja cmTC_a0af8 && [1/2] Building CXX object CMakeFiles/cmTC_a0af8.dir/src.cxx.o
[2/2] Linking CXX executable cmTC_a0af8


Source file was:
int main() { return 0; }
Performing C++ SOURCE FILE Test SUPPORTS_USER_DEFINED_LITERALS succeeded with the following output:
Change Dir: /home/ubzjx/Proj/Intern_QCen/work/rsim-driver/build/CMakeFiles/CMakeTmp

Run Build Command(s):/usr/bin/ninja cmTC_5265b && [1/2] Building CXX object CMakeFiles/cmTC_5265b.dir/src.cxx.o
[2/2] Linking CXX executable cmTC_5265b


Source file was:

  void operator"" _udl(long double);
  int main() {}
Performing C++ SOURCE FILE Test FMT_HAS_VARIANT succeeded with the following output:
Change Dir: /home/ubzjx/Proj/Intern_QCen/work/rsim-driver/build/CMakeFiles/CMakeTmp

Run Build Command(s):/usr/bin/ninja cmTC_5f1b5 && [1/2] Building CXX object CMakeFiles/cmTC_5f1b5.dir/src.cxx.o
[2/2] Linking CXX executable cmTC_5f1b5


Source file was:

  #include <variant>
  int main() {}
